// Jest Snapshot v1, https://goo.gl/fbAQLP

exports[`VaInput.vue renders correctly 1`] = `
<div
  class="va-input-con inline"
  style="width: 220px;"
>
  <input
    auto-complete="off"
    class="va-form-control va-form-control-primary"
    placeholder=""
    style="width: 220px;"
    tabindex="0"
    type="text"
  />
   
  <!---->
   
  <div
    class="va-input-icon-wrapper"
  >
    <!---->
     
    <!---->
  </div>
   
  <!---->
</div>
`;
